// Jest Snapshot v1, https://goo.gl/fbAQLP

exports[`it adds an astreix to the label if required 1`] = `
<div>
  <div
    class="govuk-form-group lbh-form-group"
    id="test"
  >
    <label
      class="govuk-label lbh-label"
      for="test-field"
    >
      Test Label
      <sup
        aria-hidden="true"
      >
        *
      </sup>
    </label>
    <input
      class="govuk-input lbh-input"
      id="test-field"
      name="test"
      placeholder="Test Value"
      required=""
    />
  </div>
</div>
`;
