// Jest Snapshot v1, https://goo.gl/fbAQLP

exports[`it passes a11y 1`] = `
<div>
  <div
    class="govuk-character-count"
  >
    <div
      class="govuk-form-group lbh-form-group"
      id="test"
    >
      <label
        class="govuk-label lbh-label"
        for="test-field"
      >
        TextArea Test
        
      </label>
      <textarea
        class="govuk-textarea lbh-textarea lbh-character-count"
        id="test-field"
        name="test"
      />
    </div>
  </div>
</div>
`;

exports[`it renders correctly 1`] = `
<div>
  <textarea
    class="govuk-textarea lbh-textarea lbh-character-count"
  />
</div>
`;
